../Core/Src/main.c:97:6:btn_c13_callback	1
../Core/Src/main.c:105:6:HAL_GPIO_EXTI_Callback	3
../Core/Src/main.c:117:6:HAL_ADC_ConvCpltCallback	2
../Core/Src/main.c:124:6:HAL_UART_TxCpltCallback	2
../Core/Src/main.c:130:6:SendDataTask	2
../Core/Src/main.c:161:5:main	1
../Core/Src/main.c:260:6:SystemClock_Config	3
../Core/Src/main.c:306:13:MX_ADC1_Init	4
../Core/Src/main.c:376:13:MX_ADC2_Init	3
../Core/Src/main.c:433:13:MX_LPUART1_UART_Init	5
../Core/Src/main.c:480:13:MX_TIM2_Init	4
../Core/Src/main.c:523:13:MX_DMA_Init	1
../Core/Src/main.c:542:13:MX_GPIO_Init	1
../Core/Src/main.c:570:6:check_status	2
../Core/Src/main.c:584:6:StartFilterTask	1
../Core/Src/main.c:613:6:HAL_TIM_PeriodElapsedCallback	2
../Core/Src/main.c:631:6:Error_Handler	1
