../Core/Src/main.c:100:6:vApplicationIdleHook	2
../Core/Src/main.c:110:6:init_adc_tim2	1
../Core/Src/main.c:146:6:toggle_power_mode	2
../Core/Src/main.c:188:6:btn_c13_callback	1
../Core/Src/main.c:195:6:HAL_GPIO_EXTI_Callback	3
../Core/Src/main.c:207:6:HAL_ADC_ConvCpltCallback	2
../Core/Src/main.c:214:6:HAL_UART_TxCpltCallback	2
../Core/Src/main.c:220:6:SendDataTask	2
../Core/Src/main.c:250:5:main	1
../Core/Src/main.c:341:6:SystemClock_Config	3
../Core/Src/main.c:387:13:MX_ADC1_Init	4
../Core/Src/main.c:457:13:MX_ADC2_Init	3
../Core/Src/main.c:514:13:MX_LPUART1_UART_Init	5
../Core/Src/main.c:561:13:MX_TIM2_Init	4
../Core/Src/main.c:604:13:MX_DMA_Init	1
../Core/Src/main.c:623:13:MX_GPIO_Init	1
../Core/Src/main.c:651:6:check_status	2
../Core/Src/main.c:665:6:StartFilterTask	1
../Core/Src/main.c:694:6:HAL_TIM_PeriodElapsedCallback	2
../Core/Src/main.c:712:6:Error_Handler	1
